// Jest Snapshot v1, https://goo.gl/fbAQLP

exports[`Categories snapshot test renders correctly 1`] = `
Array [
  <div
    className="item "
    onClick={[Function]}
  >
    Drinks Cabinet
  </div>,
  <div
    className="item "
    onClick={[Function]}
  >
    Kitchenware
  </div>,
  <div
    className="item active"
    onClick={[Function]}
  >
    Desserts
  </div>,
]
`;
